Punctuator: [

Punctuator: ]

Punctuator: {

Punctuator: }

Punctuator: (

Punctuator: )

Separator: ,

Separator: :

Semicolon: ;

Operator (arithmetic): +

Operator (arithmetic): -

Operator (arithmetic): *

Operator (arithmetic): /

Operator (arithmetic): %

Operator (arithmetic): **

Operator (comparison): ==

Operator (comparison): !=

Operator (comparison): <

Operator (comparison): >

Operator (comparison): <=

Operator (comparison): >=

Operator (logical): !

Operator (bitwise): &

Operator (bitwise): |

Operator (bitwise): ^

Operator (bitwise): ~

Operator (bitwise): <<

Operator (bitwise): >>

Operator (assignment): =

Operator (assignment): +=

Operator (assignment): -=

Operator (assignment): *=

Operator (assignment): /=

Operator (assignment): %=

Operator (assignment): &=

Operator (assignment): |=

Operator (assignment): ^=

Operator (assignment): <<=

Operator (assignment): >>=

Operator (member): .

Operator (struct deref): .*

Operator (optional unwrap): .?

Operator (optional): ?

Operator (range): ..

Operator (range): ...

Operator (return type): ->
