Integer literal: 0
Integer literal: 42
Integer literal: 1000000
Hex integer literal: 255
Hex integer literal: 65535
Binary integer literal: 10
Binary integer literal: 170
Octal integer literal: 511
Octal integer literal: 511
Float literal: 3.14
Float literal: 3.1415
Float literal: 1e+10
Float literal: 0.0015
Float literal (exponent): 2e+08
Integer literal: 1000
Hex integer literal: 57005
Binary integer literal: 170
Octal integer literal: 493
Float literal: 10.25
Float literal (exponent): 1e+11
Integer literal: 0
Identifier: x_
Integer literal: 0
Identifier: b_
Integer literal: 0
Identifier: o_
Hex integer literal: 1
Identifier: _
Integer literal: 1
Identifier: __0
Hex float literal: 12
Hex float literal: 16
Hex float literal: 0.484375
Hex float literal: 65280
Hex float literal: 25260
Hex integer literal: 485
Hex float literal: 1.5
