Builtin identifier: @import

Builtin identifier: @This

Builtin identifier: @TypeOf

Builtin identifier: @typeInfo

Builtin identifier: @as

Builtin identifier: @intCast

Builtin identifier: @bitCast

Builtin identifier: @truncate

Builtin identifier: @sizeOf

Builtin identifier: @alignOf

Builtin identifier: @compileError

Builtin identifier: @compileLog

Builtin identifier: @panic

Builtin identifier: @errorName

Builtin identifier: @tagName

Builtin identifier: @intFromPtr

Builtin identifier: @ptrFromInt

Builtin identifier: @memcpy

Builtin identifier: @memset

Builtin identifier: @call

Builtin identifier: @embedFile

Builtin identifier: @enumFromInt

Builtin identifier: @intFromEnum

Builtin identifier: @ptrCast

Builtin identifier: @alignCast

Builtin identifier: @constCast

Builtin identifier: @prefetch

Builtin identifier: @shuffle

Builtin identifier: @select

Builtin identifier: @splat

Builtin identifier: @frameAddress

Builtin identifier: @returnAddress
