Comment: // plain single-line comment
Comment: //
Comment: /// doc comment
Comment: //! top-level doc comment
Comment: //// four slashes is a normal comment in Zig
Comment: ///// five slashes too
Comment: // comment with "double quotes" inside
Comment: // comment with 'apostrophes' and don't
Comment: // comment with a \\ backslash pair
Keyword: const
Identifier: after
Operator (assignment): =
String literal: // not a comment
Semicolon: ;
Keyword: const
Identifier: doc
Operator (assignment): =
String literal: /// also not a comment
Semicolon: ;
Keyword: const
Identifier: x
Operator (assignment): =
Integer literal: 1
Semicolon: ;
Comment: // trailing comment after code
Comment: // last line, no trailing newline
