Keyword: addrspace
Keyword: align
Keyword: allowzero
Keyword: and
Keyword: anyframe
Keyword: anytype
Keyword: asm
Keyword: break
Keyword: callconv
Keyword: catch
Keyword: comptime
Keyword: const
Keyword: continue
Keyword: defer
Keyword: else
Keyword: enum
Keyword: errdefer
Keyword: error
Keyword: export
Keyword: extern
Keyword: fn
Keyword: for
Keyword: if
Keyword: inline
Keyword: linksection
Keyword: noalias
Keyword: noinline
Keyword: nosuspend
Keyword: opaque
Keyword: or
Keyword: orelse
Keyword: packed
Keyword: pub
Keyword: resume
Keyword: return
Keyword: struct
Keyword: suspend
Keyword: switch
Keyword: test
Keyword: threadlocal
Keyword: try
Keyword: union
Keyword: unreachable
Keyword: var
Keyword: volatile
Keyword: while
