Keyword: const
Identifier: empty
Operator (assignment): =
String literal: 
Semicolon: ;
Keyword: const
Identifier: simple
Operator (assignment): =
String literal: hello world
Semicolon: ;
Keyword: const
Identifier: escapes
Operator (assignment): =
String literal: nl:
 tab:	 cr: quote:" apos:' backslash:\ hex:A uni:💩
Semicolon: ;
Keyword: const
Identifier: ends_with_escaped_quote
Operator (assignment): =
String literal: trailing "
Semicolon: ;
Keyword: const
Identifier: escaped_backslash
Operator (assignment): =
String literal: ends with a backslash \
Semicolon: ;
Keyword: const
Identifier: slashes
Operator (assignment): =
String literal: // not a comment
Semicolon: ;
Keyword: const
Identifier: doc_slashes
Operator (assignment): =
String literal: /// not a doc comment
Semicolon: ;
Keyword: const
Identifier: ml_marker
Operator (assignment): =
String literal: a \ backslash pair inside a string
Semicolon: ;
Keyword: const
Identifier: two
Operator (assignment): =
String literal: first
Operator (array concat): ++
String literal: second
Semicolon: ;
Keyword: const
Identifier: indented
Operator (assignment): =
Multiline string literal: first line
second line
Semicolon: ;
Keyword: const
Identifier: unindented
Operator (assignment): =
Multiline string literal: no indent here
still going
Semicolon: ;
Keyword: const
Identifier: with_blank
Operator (assignment): =
Multiline string literal: before

after
Semicolon: ;
Keyword: const
Identifier: ml_contents
Operator (assignment): =
Multiline string literal: has "quotes" and // slashes and \n literal backslash-n
Semicolon: ;
Keyword: const
Identifier: after_ml
Operator (assignment): =
String literal: back to normal
Semicolon: ;
