Keyword: const
Identifier: plain
Operator (assignment): =
Char literal: 'a'
Semicolon: ;
Keyword: const
Identifier: digit
Operator (assignment): =
Char literal: '7'
Semicolon: ;
Keyword: const
Identifier: space
Operator (assignment): =
Char literal: ' '
Semicolon: ;
Keyword: const
Identifier: nl
Operator (assignment): =
Char literal: '\n'
Semicolon: ;
Keyword: const
Identifier: cr
Operator (assignment): =
Char literal: '\r'
Semicolon: ;
Keyword: const
Identifier: tab
Operator (assignment): =
Char literal: '\t'
Semicolon: ;
Keyword: const
Identifier: apos
Operator (assignment): =
Char literal: '\''
Semicolon: ;
Keyword: const
Identifier: backslash
Operator (assignment): =
Char literal: '\\'
Semicolon: ;
Keyword: const
Identifier: quote
Operator (assignment): =
Char literal: '"'
Semicolon: ;
Keyword: const
Identifier: hex
Operator (assignment): =
Char literal: '\x41'
Semicolon: ;
Keyword: const
Identifier: unicode
Operator (assignment): =
Char literal: '\u{1F4A9}'
Semicolon: ;
Keyword: const
Identifier: utf8_two_byte
Operator (assignment): =
Char literal: 'é'
Semicolon: ;
Keyword: const
Identifier: utf8_four_byte
Operator (assignment): =
Char literal: '💩'
Semicolon: ;
Keyword: const
Identifier: not_a_char
Operator (assignment): =
'Identifier: ab
'Semicolon: ;
Keyword: const
Identifier: in_string
Operator (assignment): =
String literal: "it's fine"
Semicolon: ;
Single-line comment: // don't touch apostrophes in comments
