Keyword: const
Identifier: b
Operator (assignment): =
error: unexpected character: # in line: 1
Semicolon: ;
Keyword: const
Identifier: bad_str
Operator (assignment): =
error: unterminated string literal in line: 2
Keyword: const
Identifier: bad_char
Operator (assignment): =
error: character literal must hold exactly one character in line: 3
Semicolon: ;
Keyword: const
Identifier: empty_char
Operator (assignment): =
error: character literal must hold exactly one character in line: 4
Semicolon: ;
Keyword: const
Identifier: no_close
Operator (assignment): =
error: unterminated character literal in line: 5
Keyword: const
Identifier: bad_quoted
Operator (assignment): =
error: unterminated quoted identifier in line: 6
Keyword: const
Identifier: at_eof
Operator (assignment): =
error: unterminated string literal in line: 7
