Comment: // 09
Comment: // 0X10
Comment: // 0x
Comment: // 0b1.0
Comment: // 1__0
Comment: // 0x_1
Comment: // 0b2
Comment: // 1.5x
Comment: // 0x1p1a
Comment: // 1e1e1
Comment: // 1_e5
Comment: // 1_.5
Comment: // 1e+
Comment: // 1_
Comment: // 0x1e+5
Comment: // 1e10.5
Comment: // 1e5.0
Comment: // 0x.p1
